
 Start  Stop   Length Name               Class

 00000H 02347H 02348H _TEXT              CODE
 02348H 027E2H 0049BH MAIN_TEXT          CODE
 027E3H 0290AH 00128H BSP_TEXT           CODE
 0290BH 02D39H 0042FH PHILO_TEXT         CODE
 02D3AH 031CEH 00495H TABLE_TEXT         CODE
 031CFH 0337DH 001AFH KBDMGR_TEXT        CODE
 0337EH 034F6H 00179H VIDEO_TEXT         CODE
 034F8H 035DFH 000E8H OS_CPU_A_TEXT      CODE
 035E0H 03801H 00222H OS_CPU_C_TEXT      CODE
 03802H 0619EH 0299DH UCOS_II_TEXT       CODE
 0619FH 061F4H 00056H QA_FIFO_TEXT       CODE
 061F5H 0626CH 00078H QA_RUN_TEXT        CODE
 0626DH 06329H 000BDH QA_SUB_TEXT        CODE
 0632AH 0641CH 000F3H QA_USUBA_TEXT      CODE
 0641DH 064F0H 000D4H QF_ACT_TEXT        CODE
 064F1H 0659FH 000AFH QF_GC_TEXT         CODE
 065A0H 065A0H 00000H QF_LOG2_TEXT       CODE
 065A0H 06659H 000BAH QF_NEW_TEXT        CODE
 0665AH 06720H 000C7H QF_POOL_TEXT       CODE
 06721H 06738H 00018H QF_PSINI_TEXT      CODE
 06739H 0689AH 00162H QF_PSPUB_TEXT      CODE
 0689BH 0689BH 00000H QF_PWR2_TEXT       CODE
 0689BH 069D6H 0013CH QF_TICK_TEXT       CODE
 069D7H 069F5H 0001FH QF_TIME_TEXT       CODE
 069F6H 06A95H 000A0H QTE_CTOR_TEXT      CODE
 06A96H 06B43H 000AEH QTE_ARM_TEXT       CODE
 06B44H 06DD5H 00292H QF_PORT_TEXT       CODE
 06DD6H 06DE1H 0000CH QEP_TEXT           CODE
 06DE2H 06E9BH 000BAH QFSM_INI_TEXT      CODE
 06E9CH 06F08H 0006DH QFSM_DIS_TEXT      CODE
 06F09H 07041H 00139H QHSM_INI_TEXT      CODE
 07042H 07256H 00215H QHSM_DIS_TEXT      CODE
 07257H 07261H 0000BH QHSM_TOP_TEXT      CODE
 07262H 078A8H 00647H QHSM_TRA_TEXT      CODE
 078B0H 078B0H 00000H _FARDATA           FAR_DATA
 078B0H 078B0H 00000H MAIN5_FAR          FAR_DATA
 078B0H 078B0H 00000H MAIN6_FAR          FAR_DATA
 078B0H 078B0H 00000H MAIN7_FAR          FAR_DATA
 078B0H 078B0H 00000H MAIN8_FAR          FAR_DATA
 078B0H 078B0H 00000H MAIN9_FAR          FAR_DATA
 078B0H 078B0H 00000H BSP5_FAR           FAR_DATA
 078B0H 078B0H 00000H BSP6_FAR           FAR_DATA
 078B0H 078B0H 00000H BSP7_FAR           FAR_DATA
 078B0H 078B0H 00000H BSP8_FAR           FAR_DATA
 078B0H 078B0H 00000H BSP9_FAR           FAR_DATA
 078B0H 078B0H 00000H PHILO5_FAR         FAR_DATA
 078B0H 078B0H 00000H PHILO6_FAR         FAR_DATA
 078B0H 078B0H 00000H PHILO7_FAR         FAR_DATA
 078B0H 078B0H 00000H PHILO8_FAR         FAR_DATA
 078B0H 078B0H 00000H PHILO9_FAR         FAR_DATA
 078B0H 078B0H 00000H TABLE5_FAR         FAR_DATA
 078B0H 078B0H 00000H TABLE6_FAR         FAR_DATA
 078B0H 078B0H 00000H TABLE7_FAR         FAR_DATA
 078B0H 078B0H 00000H TABLE8_FAR         FAR_DATA
 078B0H 078B0H 00000H TABLE9_FAR         FAR_DATA
 078B0H 078B0H 00000H KBDMGR5_FAR        FAR_DATA
 078B0H 078B0H 00000H KBDMGR6_FAR        FAR_DATA
 078B0H 078B0H 00000H KBDMGR7_FAR        FAR_DATA
 078B0H 078B0H 00000H KBDMGR8_FAR        FAR_DATA
 078B0H 078B0H 00000H KBDMGR9_FAR        FAR_DATA
 078B0H 078B0H 00000H QA_FIFO5_FAR       FAR_DATA
 078B0H 078B0H 00000H QA_FIFO6_FAR       FAR_DATA
 078B0H 078B0H 00000H QA_FIFO7_FAR       FAR_DATA
 078B0H 078B0H 00000H QA_FIFO8_FAR       FAR_DATA
 078B0H 078B0H 00000H QA_FIFO9_FAR       FAR_DATA
 078B0H 078B0H 00000H QA_RUN5_FAR        FAR_DATA
 078B0H 078B0H 00000H QA_RUN6_FAR        FAR_DATA
 078B0H 078B0H 00000H QA_RUN7_FAR        FAR_DATA
 078B0H 078B0H 00000H QA_RUN8_FAR        FAR_DATA
 078B0H 078B0H 00000H QA_RUN9_FAR        FAR_DATA
 078B0H 078B0H 00000H QA_SUB5_FAR        FAR_DATA
 078B0H 078B0H 00000H QA_SUB6_FAR        FAR_DATA
 078B0H 078B0H 00000H QA_SUB7_FAR        FAR_DATA
 078B0H 078B0H 00000H QA_SUB8_FAR        FAR_DATA
 078B0H 078B0H 00000H QA_SUB9_FAR        FAR_DATA
 078B0H 078B0H 00000H QA_USUBA5_FAR      FAR_DATA
 078B0H 078B0H 00000H QA_USUBA6_FAR      FAR_DATA
 078B0H 078B0H 00000H QA_USUBA7_FAR      FAR_DATA
 078B0H 078B0H 00000H QA_USUBA8_FAR      FAR_DATA
 078B0H 078B0H 00000H QA_USUBA9_FAR      FAR_DATA
 078B0H 078B0H 00000H QF_ACT5_FAR        FAR_DATA
 078B0H 078B0H 00000H QF_ACT6_FAR        FAR_DATA
 078B0H 078B0H 00000H QF_ACT7_FAR        FAR_DATA
 078B0H 078B0H 00000H QF_ACT8_FAR        FAR_DATA
 078B0H 078B0H 00000H QF_ACT9_FAR        FAR_DATA
 078B0H 078B0H 00000H QF_GC5_FAR         FAR_DATA
 078B0H 078B0H 00000H QF_GC6_FAR         FAR_DATA
 078B0H 078B0H 00000H QF_GC7_FAR         FAR_DATA
 078B0H 078B0H 00000H QF_GC8_FAR         FAR_DATA
 078B0H 078B0H 00000H QF_GC9_FAR         FAR_DATA
 078B0H 078B0H 00000H QF_LOG25_FAR       FAR_DATA
 078B0H 078B0H 00000H QF_LOG26_FAR       FAR_DATA
 078B0H 078B0H 00000H QF_LOG27_FAR       FAR_DATA
 078B0H 078B0H 00000H QF_LOG28_FAR       FAR_DATA
 078B0H 078B0H 00000H QF_LOG29_FAR       FAR_DATA
 078B0H 078B0H 00000H QF_NEW5_FAR        FAR_DATA
 078B0H 078B0H 00000H QF_NEW6_FAR        FAR_DATA
 078B0H 078B0H 00000H QF_NEW7_FAR        FAR_DATA
 078B0H 078B0H 00000H QF_NEW8_FAR        FAR_DATA
 078B0H 078B0H 00000H QF_NEW9_FAR        FAR_DATA
 078B0H 078B0H 00000H QF_POOL5_FAR       FAR_DATA
 078B0H 078B0H 00000H QF_POOL6_FAR       FAR_DATA
 078B0H 078B0H 00000H QF_POOL7_FAR       FAR_DATA
 078B0H 078B0H 00000H QF_POOL8_FAR       FAR_DATA
 078B0H 078B0H 00000H QF_POOL9_FAR       FAR_DATA
 078B0H 078B0H 00000H QF_PSINI5_FAR      FAR_DATA
 078B0H 078B0H 00000H QF_PSINI6_FAR      FAR_DATA
 078B0H 078B0H 00000H QF_PSINI7_FAR      FAR_DATA
 078B0H 078B0H 00000H QF_PSINI8_FAR      FAR_DATA
 078B0H 078B0H 00000H QF_PSINI9_FAR      FAR_DATA
 078B0H 078B0H 00000H QF_PSPUB5_FAR      FAR_DATA
 078B0H 078B0H 00000H QF_PSPUB6_FAR      FAR_DATA
 078B0H 078B0H 00000H QF_PSPUB7_FAR      FAR_DATA
 078B0H 078B0H 00000H QF_PSPUB8_FAR      FAR_DATA
 078B0H 078B0H 00000H QF_PSPUB9_FAR      FAR_DATA
 078B0H 078B0H 00000H QF_PWR25_FAR       FAR_DATA
 078B0H 078B0H 00000H QF_PWR26_FAR       FAR_DATA
 078B0H 078B0H 00000H QF_PWR27_FAR       FAR_DATA
 078B0H 078B0H 00000H QF_PWR28_FAR       FAR_DATA
 078B0H 078B0H 00000H QF_PWR29_FAR       FAR_DATA
 078B0H 078B0H 00000H QF_TICK5_FAR       FAR_DATA
 078B0H 078B0H 00000H QF_TICK6_FAR       FAR_DATA
 078B0H 078B0H 00000H QF_TICK7_FAR       FAR_DATA
 078B0H 078B0H 00000H QF_TICK8_FAR       FAR_DATA
 078B0H 078B0H 00000H QF_TICK9_FAR       FAR_DATA
 078B0H 078B0H 00000H QF_TIME5_FAR       FAR_DATA
 078B0H 078B0H 00000H QF_TIME6_FAR       FAR_DATA
 078B0H 078B0H 00000H QF_TIME7_FAR       FAR_DATA
 078B0H 078B0H 00000H QF_TIME8_FAR       FAR_DATA
 078B0H 078B0H 00000H QF_TIME9_FAR       FAR_DATA
 078B0H 078B0H 00000H QTE_CTOR5_FAR      FAR_DATA
 078B0H 078B0H 00000H QTE_CTOR6_FAR      FAR_DATA
 078B0H 078B0H 00000H QTE_CTOR7_FAR      FAR_DATA
 078B0H 078B0H 00000H QTE_CTOR8_FAR      FAR_DATA
 078B0H 078B0H 00000H QTE_CTOR9_FAR      FAR_DATA
 078B0H 078B0H 00000H QTE_ARM5_FAR       FAR_DATA
 078B0H 078B0H 00000H QTE_ARM6_FAR       FAR_DATA
 078B0H 078B0H 00000H QTE_ARM7_FAR       FAR_DATA
 078B0H 078B0H 00000H QTE_ARM8_FAR       FAR_DATA
 078B0H 078B0H 00000H QTE_ARM9_FAR       FAR_DATA
 078B0H 078B0H 00000H QF_PORT5_FAR       FAR_DATA
 078B0H 078B0H 00000H QF_PORT6_FAR       FAR_DATA
 078B0H 078B0H 00000H QF_PORT7_FAR       FAR_DATA
 078B0H 078B0H 00000H QF_PORT8_FAR       FAR_DATA
 078B0H 078B0H 00000H QF_PORT9_FAR       FAR_DATA
 078B0H 078B0H 00000H _OVERLAY_          OVRINFO
 078B0H 078C7H 00018H _INIT_             INITDATA
 078C8H 078C8H 00000H _INITEND_          INITDATA
 078C8H 078D9H 00012H _EXIT_             EXITDATA
 078DAH 078DAH 00000H _EXITEND_          EXITDATA
 078E0H 078E0H 00000H _1STUB_            STUBSEG
 078E0H 084F1H 00C12H _DATA              DATA
 084F2H 084F2H 00000H _CVTSEG            DATA
 084F2H 084F2H 00000H _SCNSEG            DATA
 084F2H 0C8FFH 0440EH _BSS               BSS
 0C900H 0C900H 00000H _BSSEND            ENDBSS
 0C900H 0C97FH 00080H _STACK             STACK

  Address         Publics by Name

 0000:1A1C       operator delete(void far*)
 0000:1A58       operator new(unsigned int)
 0234:0472       busydelay()
 027E:010C       displaykey(unsigned char)
 027E:00ED       displyphilstat(unsigned char,const char far*)
 078E:045D       kbdmgr::
 031C:0174       kbdmgr::~kbdmgr()
 031C:0116       kbdmgr::active(kbdmgr far*,const qevent far*)
 031C:00D4       kbdmgr::initial(kbdmgr far*,const qevent far*)
 031C:000F       kbdmgrstart(unsigned char,const qevent far*far*,unsigned long,void far*,unsigned long)
 078E:03A9       philosopher::
 0290:02FC       philosopher::philosopher()
 0290:02B2       philosopher::~philosopher()
 0290:01D8       philosopher::eating(philosopher far*,const qevent far*)
 0290:0146       philosopher::hungry(philosopher far*,const qevent far*)
 0290:009C       philosopher::initial(philosopher far*,const qevent far*)
 0290:00CE       philosopher::thinking(philosopher far*,const qevent far*)
 0290:000B       philosopherstart(unsigned char,unsigned char,const qevent far*far*,unsigned long,void far*,unsigned long)
 078E:03B5       qactive::
 0290:03C4       qactive::~qactive()
 0619:000F       qactive::postfifo(const qevent far*)
 061F:0005       qactive::run()
 06B4:015B       qactive::start(unsigned char,const qevent far*far*,unsigned long,void far*,unsigned long,const qevent far*)
 06B4:025B       qactive::stop()
 0626:000D       qactive::subscribe(unsigned char) const
 0632:000A       qactive::unsubscribeall() const
 06DD:0006       qep::getversion()
 078E:4E9A       qf::active_
 0641:0019       qf::add_(qactive far*)
 078E:07B2       qf::div8lkup
 06B4:00D0       qf::exit()
 064F:0001       qf::gc(const qevent far*)
 06B4:0004       qf::getportversion()
 069D:0007       qf::gettime()
 0641:000D       qf::getversion()
 06B4:0010       qf::init()
 078E:0771       qf::invpwr2lkup
 078E:0602       qf::log2lkup
 065A:0000       qf::new_(unsigned int,unsigned char)
 0665:000A       qf::poolinit(void far*,unsigned long,unsigned int)
 0672:0001       qf::psinit(qsubscrlist far*,unsigned char)
 0673:0009       qf::publish(const qevent far*)
 078E:0730       qf::pwr2lkup
 0641:008D       qf::remove_(const qactive far*)
 06B4:00C6       qf::run()
 06B4:003C       qf::start()
 0689:000B       qf::tick()
 078E:03CD       qfsm::
 06DE:0090       qfsm::~qfsm()
 06E9:000C       qfsm::dispatch(const qevent far*)
 06DE:0002       qfsm::init(const qevent far*)
 078E:03C1       qhsm::
 0290:0404       qhsm::~qhsm()
 0704:0002       qhsm::dispatch(const qevent far*)
 0726:0002       qhsm::exectran(void(far*)(qfsm far*,const qevent far*)(far*)(qhsm far*,const qevent far*)far*,qtrany far*)
 06F0:0009       qhsm::init(const qevent far*)
 0725:0007       qhsm::top(qhsm far*,const qevent far*)
 069F:0006       qtimeevt::qtimeevt(unsigned char)
 06A9:0006       qtimeevt::arm_(qactive far*,unsigned int)
 0000:1A2E       set_new_handler(void(far*)())
 078E:0431       table::
 02D3:0455       table::~table()
 02D3:003E       table::initial(table far*,const qevent far*)
 02D3:00B9       table::serving(table far*,const qevent far*)
 02D3:000A       tablestart(unsigned char,const qevent far*far*,unsigned long,void far*,unsigned long)
 0337:0030       video::clearrect(unsigned char,unsigned char,unsigned char,unsigned char,unsigned char)
 0337:000E       video::clearscreen(unsigned char)
 0337:00D6       video::printnumat(unsigned char,unsigned char,unsigned char,unsigned long)
 0337:0087       video::printstrat(unsigned char,unsigned char,unsigned char,const char far*)
 078E:0000       DATASEG@
 0000:0206       DGROUP@
 0000:20AF       F_LDIV@
 0000:20BE       F_LMOD@
 0000:20B6       F_LUDIV@
 0000:20C6       F_LUMOD@
 0000:215D       F_LXLSH@
 0000:217E       F_LXURSH@
 0000:219F       F_PADD@
 0000:21CE       F_PSUB@
 0000:20AF       LDIV@
 0000:20BE       LMOD@
 0000:20B6       LUDIV@
 0000:20C6       LUMOD@
 0000:215D       LXLSH@
 0000:217E       LXURSH@
 0000:20AC       N_LDIV@
 0000:20BB       N_LMOD@
 0000:20B3       N_LUDIV@
 0000:20C3       N_LUMOD@
 0000:215A       N_LXLSH@
 0000:217B       N_LXURSH@
 0000:219C       N_PADD@
 0000:21FC       N_PCMP@
 0000:21CB       N_PSUB@
 0000:219F       PADD@
 0000:21CE       PSUB@
 0000:01F0       _ABORT
 0000:020A       _ATEXIT
 0000:0FAA       _ATOI
 0000:0F35       _ATOL
 0000:0237       _CLRSCR
 0000:0390       _CPRINTF
 078E:0B33       _DIRECTVIDEO
 078E:007D       _ERRNO
 0000:03AD       _EXIT
 0000:1DEE       _FARFREE
 0000:1EDE       _FARMALLOC
 0000:203E       _FARREALLOC
 0000:04FE       _FFLUSH
 0000:05CE       _FLUSHALL
 0000:1DEE       _FREE
 0000:0695       _FSEEK
 0000:0715       _FTELL
 0000:1175       _GETCH
 0000:1191       _GETCHE
 0000:0765       _GETTEXT
 0000:11D1       _GETVECT
 0000:122E       _ISATTY
 0000:12F0       _ITOA
 0000:123F       _KBHIT
 0000:1245       _LSEEK
 0000:1337       _LTOA
 0234:0008       _MAIN
 0000:1ED4       _MALLOC
 0000:135F       _MEMCPY
 0000:13A7       _MEMSET
 0000:07F0       _MOVETEXT
 034F:0008       _OSCPUDISABLE
 034F:000A       _OSCPUENABLE
 034F:0010       _OSCPURESTORESR
 034F:000C       _OSCPUSAVESR
 078E:3FAD       _OSCPUUSAGE
 034F:0038       _OSCTXSW
 078E:40BE       _OSCTXSWCTR
 078E:05BE       _OSDATASIZE
 078E:0572       _OSDEBUGEN
 078E:48DC       _OSEVENTFREELIST
 078E:0574       _OSEVENTMAX
 0380:0002       _OSEVENTNAMEGET
 0380:00B7       _OSEVENTNAMESET
 078E:0576       _OSEVENTNAMESIZE
 078E:0578       _OSEVENTSIZE
 078E:3436       _OSEVENTTBL
 078E:057A       _OSEVENTTBLSIZE
 078E:057C       _OSFLAGEN
 078E:057E       _OSFLAGMAX
 078E:0580       _OSFLAGNAMESIZE
 078E:0582       _OSFLAGWIDTH
 078E:3FB4       _OSIDLECTR
 078E:3FBA       _OSIDLECTRMAX
 078E:40CE       _OSIDLECTRRUN
 0380:0177       _OSINIT
 035E:0000       _OSINITHOOKBEGIN
 035E:0005       _OSINITHOOKEND
 034F:0073       _OSINTCTXSW
 0380:01AE       _OSINTENTER
 0380:01C5       _OSINTEXIT
 078E:40C2       _OSINTEXITY
 078E:40CD       _OSINTNESTING
 078E:40D2       _OSLOCKNESTING
 078E:0584       _OSLOWESTPRIO
 078E:046A       _OSMAPTBL
 078E:0586       _OSMBOXEN
 0380:0E51       _OSMEMCREATE
 078E:0588       _OSMEMEN
 078E:40D4       _OSMEMFREELIST
 0380:0FDF       _OSMEMGET
 078E:058A       _OSMEMMAX
 0380:1077       _OSMEMNAMEGET
 0380:10F8       _OSMEMNAMESET
 078E:058C       _OSMEMNAMESIZE
 0380:1184       _OSMEMPUT
 0380:120F       _OSMEMQUERY
 078E:3398       _OSMEMTBL
 078E:058E       _OSMUTEXEN
 078E:3FB8       _OSPRIOCUR
 078E:40CC       _OSPRIOHIGHRDY
 078E:0590       _OSPTRSIZE
 0380:134B       _OSQACCEPT
 0380:1427       _OSQCREATE
 0380:159B       _OSQDEL
 078E:0592       _OSQEN
 0380:1793       _OSQFLUSH
 078E:40C8       _OSQFREELIST
 078E:0594       _OSQMAX
 0380:1810       _OSQPEND
 0380:19A6       _OSQPOST
 0380:1A93       _OSQPOSTFRONT
 0380:1B7B       _OSQPOSTOPT
 0380:1CF4       _OSQQUERY
 078E:0596       _OSQSIZE
 078E:48E2       _OSQTBL
 078E:3FA6       _OSRDYGRP
 078E:1BB0       _OSRDYTBL
 078E:0598       _OSRDYTBLSIZE
 078E:3FAC       _OSRUNNING
 0380:026B       _OSSCHEDLOCK
 0380:0292       _OSSCHEDUNLOCK
 078E:059A       _OSSEMEN
 0380:02E7       _OSSTART
 034F:001A       _OSSTARTHIGHRDY
 0380:035D       _OSSTATINIT
 078E:3434       _OSSTATRDY
 078E:059C       _OSSTKWIDTH
 0380:1EAC       _OSTASKCREATE
 078E:059E       _OSTASKCREATEEN
 0380:1FA9       _OSTASKCREATEEXT
 078E:05A0       _OSTASKCREATEEXTEN
 035E:000A       _OSTASKCREATEHOOK
 078E:3FB2       _OSTASKCTR
 0380:20BC       _OSTASKDEL
 078E:05A2       _OSTASKDELEN
 035E:001B       _OSTASKDELHOOK
 0380:2309       _OSTASKDELREQ
 027E:000D       _OSTASKIDLEHOOK
 078E:44DC       _OSTASKIDLESTK
 078E:05A4       _OSTASKIDLESTKSIZE
 078E:05A8       _OSTASKMAX
 0380:2399       _OSTASKNAMEGET
 0380:245E       _OSTASKNAMESET
 078E:05AA       _OSTASKNAMESIZE
 078E:05A6       _OSTASKPROFILEEN
 0380:2817       _OSTASKQUERY
 0380:252E       _OSTASKRESUME
 078E:05AC       _OSTASKSTATEN
 035E:002C       _OSTASKSTATHOOK
 078E:40DC       _OSTASKSTATSTK
 078E:05B0       _OSTASKSTATSTKCHKEN
 078E:05AE       _OSTASKSTATSTKSIZE
 0380:25F3       _OSTASKSTKCHK
 035E:0031       _OSTASKSTKINIT
 035E:0121       _OSTASKSTKINIT_FPE_X86
 0380:271D       _OSTASKSUSPEND
 035E:020C       _OSTASKSWHOOK
 078E:05B2       _OSTASKSWHOOKEN
 078E:3FA8       _OSTCBCUR
 078E:40D8       _OSTCBFREELIST
 078E:40C4       _OSTCBHIGHRDY
 035E:0211       _OSTCBINITHOOK
 078E:3FAE       _OSTCBLIST
 078E:3FBE       _OSTCBPRIOTBL
 078E:05B4       _OSTCBPRIOTBLMAX
 078E:05B6       _OSTCBSIZE
 078E:1BB8       _OSTCBTBL
 078E:1BAA       _OSTICKDOSCTR
 034F:00A0       _OSTICKISR
 078E:05B8       _OSTICKSPERSEC
 078E:48E0       _OSTICKSTEPSTATE
 078E:1BAC       _OSTIME
 0380:28D1       _OSTIMEDLY
 0380:294E       _OSTIMEGET
 0380:297D       _OSTIMESET
 0380:03B3       _OSTIMETICK
 027E:0003       _OSTIMETICKHOOK
 078E:05BA       _OSTIMETICKHOOKEN
 078E:0472       _OSUNMAPTBL
 0380:04AD       _OSVERSION
 078E:05BC       _OSVERSIONNBR
 0380:04B7       _OS_DUMMY
 0380:04BC       _OS_EVENTTASKRDY
 0380:05D8       _OS_EVENTTASKWAIT
 0380:0664       _OS_EVENTTO
 0380:06DC       _OS_EVENTWAITLISTINIT
 0380:12CF       _OS_MEMINIT
 0380:1E42       _OS_QINIT
 0380:09D2       _OS_SCHED
 0380:0A63       _OS_TASKIDLE
 0380:0A95       _OS_TASKSTAT
 0380:0B80       _OS_TASKSTATSTKCHK
 0380:289A       _OS_TASKSTKCLR
 0380:0C0F       _OS_TCBINIT
 0000:13C6       _OUTPORT
 0000:13D2       _OUTPORTB
 0000:0896       _PUTCH
 0000:07B6       _PUTTEXT
 078E:0400       _QDPP_TABLE
 078E:0824       _QEP_RESERVEDEVT_
 078E:4F92       _QF_INTLOCKNEST_
 078E:4F93       _QF_ISRNEST_
 078E:071E       _QF_MAXPOOL_
 078E:0724       _QF_MAXSIGNAL_
 078E:0712       _QF_POOL_
 078E:0720       _QF_SUBSCRLIST_
 078E:07FC       _QF_TICKCTR_
 078E:0810       _QF_TIMEEVTLISTHEAD_
 027E:0072       _Q_ASSERT_HANDLER
 0000:2037       _REALLOC
 0000:13DE       _SETBLOCK
 0000:1383       _SETMEM
 0000:0C69       _SETVBUF
 0000:11E0       _SETVECT
 0000:13FA       _STRCPY
 0000:1423       _STRLEN
 0000:0D88       _TELL
 0000:131A       _ULTOA
 0000:11B5       _UNGETCH
 0000:0DAC       _WHEREX
 0000:0DBB       _WHEREY
 0000:0DCE       _WRITE
 0000:1000  Abs  __AHINCR
 0000:000C  Abs  __AHSHIFT
 078E:0C02       __ARGC
 078E:0C04       __ARGV
 078E:0852       __ATEXITCNT
 078E:4F9C       __ATEXITTBL
 0000:0452       __BRK
 078E:0087       __BRKLVL
 078E:0069       __C0ARGC
 078E:006B       __C0ARGV
 0000:107A       __C0CRTINIT
 078E:006F       __C0ENVIRON
 0000:0260       __CPUTN
 0000:109A       __CRTINIT
 078E:0854       __CTYPE
 078E:0B3E       __DOSERRNO
 078E:0B40       __DOSERRORTOSV
 078E:0073       __ENVLNG
 078E:0075       __ENVSEG
 078E:0077       __ENVSIZE
 0000:011A       __EXIT
 078E:0956       __EXITBUF
 0000:00FA       __EXITCLEAN
 078E:095A       __EXITFOPEN
 078E:095E       __EXITOPEN
 078E:0083       __HEAPBASE
 078E:008B       __HEAPTOP
 078E:0059       __INT0VECTOR
 078E:005D       __INT4VECTOR
 078E:0061       __INT5VECTOR
 078E:0065       __INT6VECTOR
 0000:11F1       __IOERROR
 0000:126E       __LONGTOA
 0000:0208       __MMODEL
 078E:501C       __NEW_HANDLER
 0000:118E       __NGETCHE
 0000:11B2       __NUNGETCH
 078E:0AF4       __OPENFD
 078E:007B       __OSMAJOR
 078E:007C       __OSMINOR
 078E:0079       __PSP
 0000:221D       __REALCVT
 078E:0C12       __REALCVTVECTOR
 0000:0178       __RESTOREZERO
 0000:0491       __SBRK
 078E:0C12       __SCANTODVECTOR
 0000:09E1       __SCREENIO
 0000:0A84       __SCROLL
 0000:0000  Abs  __SETARGV__
 0000:0BF0       __SETUPIO
 078E:007F       __STARTTIME
 078E:0B20       __STKLEN
 078E:0964       __STREAMS
 0000:0000  Abs  __TURBOCRT
 0000:0A1E       __VALIDATEXY
 0000:1A9A       __VECTOR_DELETE_
 0000:1BB5       __VECTOR_NEW_
 078E:007B       __VERSION
 078E:0B24       __VIDEO
 0000:0FF6       __VIDEOINT
 0000:145A       __VPRINTER
 0000:1932       __VPTR
 0000:1958       __VRAM
 0000:0DA2       __WHEREXY
 0000:19D1       __WRITE
 078E:0B22       __WSCROLL
 0000:0EFB       __XFFLUSH
 0000:1CB0       ___FIRST
 0000:1CB2       ___LAST
 0000:1CB4       ___ROVER

  Address         Publics by Value

 0000:0000  Abs  __SETARGV__
 0000:0000  Abs  __TURBOCRT
 0000:000C  Abs  __AHSHIFT
 0000:1000  Abs  __AHINCR
 0000:00FA       __EXITCLEAN
 0000:011A       __EXIT
 0000:0178       __RESTOREZERO
 0000:01F0       _ABORT
 0000:0206       DGROUP@
 0000:0208       __MMODEL
 0000:020A       _ATEXIT
 0000:0237       _CLRSCR
 0000:0260       __CPUTN
 0000:0390       _CPRINTF
 0000:03AD       _EXIT
 0000:0452       __BRK
 0000:0491       __SBRK
 0000:04FE       _FFLUSH
 0000:05CE       _FLUSHALL
 0000:0695       _FSEEK
 0000:0715       _FTELL
 0000:0765       _GETTEXT
 0000:07B6       _PUTTEXT
 0000:07F0       _MOVETEXT
 0000:0896       _PUTCH
 0000:09E1       __SCREENIO
 0000:0A1E       __VALIDATEXY
 0000:0A84       __SCROLL
 0000:0BF0       __SETUPIO
 0000:0C69       _SETVBUF
 0000:0D88       _TELL
 0000:0DA2       __WHEREXY
 0000:0DAC       _WHEREX
 0000:0DBB       _WHEREY
 0000:0DCE       _WRITE
 0000:0EFB       __XFFLUSH
 0000:0F35       _ATOL
 0000:0FAA       _ATOI
 0000:0FF6       __VIDEOINT
 0000:107A       __C0CRTINIT
 0000:109A       __CRTINIT
 0000:1175       _GETCH
 0000:118E       __NGETCHE
 0000:1191       _GETCHE
 0000:11B2       __NUNGETCH
 0000:11B5       _UNGETCH
 0000:11D1       _GETVECT
 0000:11E0       _SETVECT
 0000:11F1       __IOERROR
 0000:122E       _ISATTY
 0000:123F       _KBHIT
 0000:1245       _LSEEK
 0000:126E       __LONGTOA
 0000:12F0       _ITOA
 0000:131A       _ULTOA
 0000:1337       _LTOA
 0000:135F       _MEMCPY
 0000:1383       _SETMEM
 0000:13A7       _MEMSET
 0000:13C6       _OUTPORT
 0000:13D2       _OUTPORTB
 0000:13DE       _SETBLOCK
 0000:13FA       _STRCPY
 0000:1423       _STRLEN
 0000:145A       __VPRINTER
 0000:1932       __VPTR
 0000:1958       __VRAM
 0000:19D1       __WRITE
 0000:1A1C       operator delete(void far*)
 0000:1A2E       set_new_handler(void(far*)())
 0000:1A58       operator new(unsigned int)
 0000:1A9A       __VECTOR_DELETE_
 0000:1BB5       __VECTOR_NEW_
 0000:1CB0       ___FIRST
 0000:1CB2       ___LAST
 0000:1CB4       ___ROVER
 0000:1DEE       _FREE
 0000:1DEE       _FARFREE
 0000:1ED4       _MALLOC
 0000:1EDE       _FARMALLOC
 0000:2037       _REALLOC
 0000:203E       _FARREALLOC
 0000:20AC       N_LDIV@
 0000:20AF       LDIV@
 0000:20AF       F_LDIV@
 0000:20B3       N_LUDIV@
 0000:20B6       F_LUDIV@
 0000:20B6       LUDIV@
 0000:20BB       N_LMOD@
 0000:20BE       F_LMOD@
 0000:20BE       LMOD@
 0000:20C3       N_LUMOD@
 0000:20C6       F_LUMOD@
 0000:20C6       LUMOD@
 0000:215A       N_LXLSH@
 0000:215D       F_LXLSH@
 0000:215D       LXLSH@
 0000:217B       N_LXURSH@
 0000:217E       F_LXURSH@
 0000:217E       LXURSH@
 0000:219C       N_PADD@
 0000:219F       F_PADD@
 0000:219F       PADD@
 0000:21CB       N_PSUB@
 0000:21CE       F_PSUB@
 0000:21CE       PSUB@
 0000:21FC       N_PCMP@
 0000:221D       __REALCVT
 0234:0008       _MAIN
 0234:0472       busydelay()
 027E:0003       _OSTIMETICKHOOK
 027E:000D       _OSTASKIDLEHOOK
 027E:0072       _Q_ASSERT_HANDLER
 027E:00ED       displyphilstat(unsigned char,const char far*)
 027E:010C       displaykey(unsigned char)
 0290:000B       philosopherstart(unsigned char,unsigned char,const qevent far*far*,unsigned long,void far*,unsigned long)
 0290:009C       philosopher::initial(philosopher far*,const qevent far*)
 0290:00CE       philosopher::thinking(philosopher far*,const qevent far*)
 0290:0146       philosopher::hungry(philosopher far*,const qevent far*)
 0290:01D8       philosopher::eating(philosopher far*,const qevent far*)
 0290:02B2       philosopher::~philosopher()
 0290:02FC       philosopher::philosopher()
 0290:03C4       qactive::~qactive()
 0290:0404       qhsm::~qhsm()
 02D3:000A       tablestart(unsigned char,const qevent far*far*,unsigned long,void far*,unsigned long)
 02D3:003E       table::initial(table far*,const qevent far*)
 02D3:00B9       table::serving(table far*,const qevent far*)
 02D3:0455       table::~table()
 031C:000F       kbdmgrstart(unsigned char,const qevent far*far*,unsigned long,void far*,unsigned long)
 031C:00D4       kbdmgr::initial(kbdmgr far*,const qevent far*)
 031C:0116       kbdmgr::active(kbdmgr far*,const qevent far*)
 031C:0174       kbdmgr::~kbdmgr()
 0337:000E       video::clearscreen(unsigned char)
 0337:0030       video::clearrect(unsigned char,unsigned char,unsigned char,unsigned char,unsigned char)
 0337:0087       video::printstrat(unsigned char,unsigned char,unsigned char,const char far*)
 0337:00D6       video::printnumat(unsigned char,unsigned char,unsigned char,unsigned long)
 034F:0008       _OSCPUDISABLE
 034F:000A       _OSCPUENABLE
 034F:000C       _OSCPUSAVESR
 034F:0010       _OSCPURESTORESR
 034F:001A       _OSSTARTHIGHRDY
 034F:0038       _OSCTXSW
 034F:0073       _OSINTCTXSW
 034F:00A0       _OSTICKISR
 035E:0000       _OSINITHOOKBEGIN
 035E:0005       _OSINITHOOKEND
 035E:000A       _OSTASKCREATEHOOK
 035E:001B       _OSTASKDELHOOK
 035E:002C       _OSTASKSTATHOOK
 035E:0031       _OSTASKSTKINIT
 035E:0121       _OSTASKSTKINIT_FPE_X86
 035E:020C       _OSTASKSWHOOK
 035E:0211       _OSTCBINITHOOK
 0380:0002       _OSEVENTNAMEGET
 0380:00B7       _OSEVENTNAMESET
 0380:0177       _OSINIT
 0380:01AE       _OSINTENTER
 0380:01C5       _OSINTEXIT
 0380:026B       _OSSCHEDLOCK
 0380:0292       _OSSCHEDUNLOCK
 0380:02E7       _OSSTART
 0380:035D       _OSSTATINIT
 0380:03B3       _OSTIMETICK
 0380:04AD       _OSVERSION
 0380:04B7       _OS_DUMMY
 0380:04BC       _OS_EVENTTASKRDY
 0380:05D8       _OS_EVENTTASKWAIT
 0380:0664       _OS_EVENTTO
 0380:06DC       _OS_EVENTWAITLISTINIT
 0380:09D2       _OS_SCHED
 0380:0A63       _OS_TASKIDLE
 0380:0A95       _OS_TASKSTAT
 0380:0B80       _OS_TASKSTATSTKCHK
 0380:0C0F       _OS_TCBINIT
 0380:0E51       _OSMEMCREATE
 0380:0FDF       _OSMEMGET
 0380:1077       _OSMEMNAMEGET
 0380:10F8       _OSMEMNAMESET
 0380:1184       _OSMEMPUT
 0380:120F       _OSMEMQUERY
 0380:12CF       _OS_MEMINIT
 0380:134B       _OSQACCEPT
 0380:1427       _OSQCREATE
 0380:159B       _OSQDEL
 0380:1793       _OSQFLUSH
 0380:1810       _OSQPEND
 0380:19A6       _OSQPOST
 0380:1A93       _OSQPOSTFRONT
 0380:1B7B       _OSQPOSTOPT
 0380:1CF4       _OSQQUERY
 0380:1E42       _OS_QINIT
 0380:1EAC       _OSTASKCREATE
 0380:1FA9       _OSTASKCREATEEXT
 0380:20BC       _OSTASKDEL
 0380:2309       _OSTASKDELREQ
 0380:2399       _OSTASKNAMEGET
 0380:245E       _OSTASKNAMESET
 0380:252E       _OSTASKRESUME
 0380:25F3       _OSTASKSTKCHK
 0380:271D       _OSTASKSUSPEND
 0380:2817       _OSTASKQUERY
 0380:289A       _OS_TASKSTKCLR
 0380:28D1       _OSTIMEDLY
 0380:294E       _OSTIMEGET
 0380:297D       _OSTIMESET
 0619:000F       qactive::postfifo(const qevent far*)
 061F:0005       qactive::run()
 0626:000D       qactive::subscribe(unsigned char) const
 0632:000A       qactive::unsubscribeall() const
 0641:000D       qf::getversion()
 0641:0019       qf::add_(qactive far*)
 0641:008D       qf::remove_(const qactive far*)
 064F:0001       qf::gc(const qevent far*)
 065A:0000       qf::new_(unsigned int,unsigned char)
 0665:000A       qf::poolinit(void far*,unsigned long,unsigned int)
 0672:0001       qf::psinit(qsubscrlist far*,unsigned char)
 0673:0009       qf::publish(const qevent far*)
 0689:000B       qf::tick()
 069D:0007       qf::gettime()
 069F:0006       qtimeevt::qtimeevt(unsigned char)
 06A9:0006       qtimeevt::arm_(qactive far*,unsigned int)
 06B4:0004       qf::getportversion()
 06B4:0010       qf::init()
 06B4:003C       qf::start()
 06B4:00C6       qf::run()
 06B4:00D0       qf::exit()
 06B4:015B       qactive::start(unsigned char,const qevent far*far*,unsigned long,void far*,unsigned long,const qevent far*)
 06B4:025B       qactive::stop()
 06DD:0006       qep::getversion()
 06DE:0002       qfsm::init(const qevent far*)
 06DE:0090       qfsm::~qfsm()
 06E9:000C       qfsm::dispatch(const qevent far*)
 06F0:0009       qhsm::init(const qevent far*)
 0704:0002       qhsm::dispatch(const qevent far*)
 0725:0007       qhsm::top(qhsm far*,const qevent far*)
 0726:0002       qhsm::exectran(void(far*)(qfsm far*,const qevent far*)(far*)(qhsm far*,const qevent far*)far*,qtrany far*)
 078E:0000       DATASEG@
 078E:0059       __INT0VECTOR
 078E:005D       __INT4VECTOR
 078E:0061       __INT5VECTOR
 078E:0065       __INT6VECTOR
 078E:0069       __C0ARGC
 078E:006B       __C0ARGV
 078E:006F       __C0ENVIRON
 078E:0073       __ENVLNG
 078E:0075       __ENVSEG
 078E:0077       __ENVSIZE
 078E:0079       __PSP
 078E:007B       __OSMAJOR
 078E:007B       __VERSION
 078E:007C       __OSMINOR
 078E:007D       _ERRNO
 078E:007F       __STARTTIME
 078E:0083       __HEAPBASE
 078E:0087       __BRKLVL
 078E:008B       __HEAPTOP
 078E:03A9       philosopher::
 078E:03B5       qactive::
 078E:03C1       qhsm::
 078E:03CD       qfsm::
 078E:0400       _QDPP_TABLE
 078E:0431       table::
 078E:045D       kbdmgr::
 078E:046A       _OSMAPTBL
 078E:0472       _OSUNMAPTBL
 078E:0572       _OSDEBUGEN
 078E:0574       _OSEVENTMAX
 078E:0576       _OSEVENTNAMESIZE
 078E:0578       _OSEVENTSIZE
 078E:057A       _OSEVENTTBLSIZE
 078E:057C       _OSFLAGEN
 078E:057E       _OSFLAGMAX
 078E:0580       _OSFLAGNAMESIZE
 078E:0582       _OSFLAGWIDTH
 078E:0584       _OSLOWESTPRIO
 078E:0586       _OSMBOXEN
 078E:0588       _OSMEMEN
 078E:058A       _OSMEMMAX
 078E:058C       _OSMEMNAMESIZE
 078E:058E       _OSMUTEXEN
 078E:0590       _OSPTRSIZE
 078E:0592       _OSQEN
 078E:0594       _OSQMAX
 078E:0596       _OSQSIZE
 078E:0598       _OSRDYTBLSIZE
 078E:059A       _OSSEMEN
 078E:059C       _OSSTKWIDTH
 078E:059E       _OSTASKCREATEEN
 078E:05A0       _OSTASKCREATEEXTEN
 078E:05A2       _OSTASKDELEN
 078E:05A4       _OSTASKIDLESTKSIZE
 078E:05A6       _OSTASKPROFILEEN
 078E:05A8       _OSTASKMAX
 078E:05AA       _OSTASKNAMESIZE
 078E:05AC       _OSTASKSTATEN
 078E:05AE       _OSTASKSTATSTKSIZE
 078E:05B0       _OSTASKSTATSTKCHKEN
 078E:05B2       _OSTASKSWHOOKEN
 078E:05B4       _OSTCBPRIOTBLMAX
 078E:05B6       _OSTCBSIZE
 078E:05B8       _OSTICKSPERSEC
 078E:05BA       _OSTIMETICKHOOKEN
 078E:05BC       _OSVERSIONNBR
 078E:05BE       _OSDATASIZE
 078E:0602       qf::log2lkup
 078E:0712       _QF_POOL_
 078E:071E       _QF_MAXPOOL_
 078E:0720       _QF_SUBSCRLIST_
 078E:0724       _QF_MAXSIGNAL_
 078E:0730       qf::pwr2lkup
 078E:0771       qf::invpwr2lkup
 078E:07B2       qf::div8lkup
 078E:07FC       _QF_TICKCTR_
 078E:0810       _QF_TIMEEVTLISTHEAD_
 078E:0824       _QEP_RESERVEDEVT_
 078E:0852       __ATEXITCNT
 078E:0854       __CTYPE
 078E:0956       __EXITBUF
 078E:095A       __EXITFOPEN
 078E:095E       __EXITOPEN
 078E:0964       __STREAMS
 078E:0AF4       __OPENFD
 078E:0B20       __STKLEN
 078E:0B22       __WSCROLL
 078E:0B24       __VIDEO
 078E:0B33       _DIRECTVIDEO
 078E:0B3E       __DOSERRNO
 078E:0B40       __DOSERRORTOSV
 078E:0C02       __ARGC
 078E:0C04       __ARGV
 078E:0C12       __SCANTODVECTOR
 078E:0C12       __REALCVTVECTOR
 078E:1BAA       _OSTICKDOSCTR
 078E:1BAC       _OSTIME
 078E:1BB0       _OSRDYTBL
 078E:1BB8       _OSTCBTBL
 078E:3398       _OSMEMTBL
 078E:3434       _OSSTATRDY
 078E:3436       _OSEVENTTBL
 078E:3FA6       _OSRDYGRP
 078E:3FA8       _OSTCBCUR
 078E:3FAC       _OSRUNNING
 078E:3FAD       _OSCPUUSAGE
 078E:3FAE       _OSTCBLIST
 078E:3FB2       _OSTASKCTR
 078E:3FB4       _OSIDLECTR
 078E:3FB8       _OSPRIOCUR
 078E:3FBA       _OSIDLECTRMAX
 078E:3FBE       _OSTCBPRIOTBL
 078E:40BE       _OSCTXSWCTR
 078E:40C2       _OSINTEXITY
 078E:40C4       _OSTCBHIGHRDY
 078E:40C8       _OSQFREELIST
 078E:40CC       _OSPRIOHIGHRDY
 078E:40CD       _OSINTNESTING
 078E:40CE       _OSIDLECTRRUN
 078E:40D2       _OSLOCKNESTING
 078E:40D4       _OSMEMFREELIST
 078E:40D8       _OSTCBFREELIST
 078E:40DC       _OSTASKSTATSTK
 078E:44DC       _OSTASKIDLESTK
 078E:48DC       _OSEVENTFREELIST
 078E:48E0       _OSTICKSTEPSTATE
 078E:48E2       _OSQTBL
 078E:4E9A       qf::active_
 078E:4F92       _QF_INTLOCKNEST_
 078E:4F93       _QF_ISRNEST_
 078E:4F9C       __ATEXITTBL
 078E:501C       __NEW_HANDLER

Program entry point at 0000:0000

